// Jest Snapshot v1, https://goo.gl/fbAQLP

exports[`QRCodeActionSheet renders correctly 1`] = `
<RNCSafeAreaProvider
  onInsetsChange={[Function]}
  style={
    Array [
      Object {
        "flex": 1,
      },
      undefined,
    ]
  }
>
  <View
    style={
      Object {
        "alignContent": "space-between",
        "flexDirection": "row",
        "flexWrap": "wrap",
        "justifyContent": "space-evenly",
      }
    }
  >
    <View>
      <View
        style={
          Array [
            Object {},
            Object {
              "backgroundColor": "#F8F8F8",
              "borderRadius": 20,
              "flexDirection": "column",
              "height": 175.00000000000003,
              "margin": 5,
              "padding": 0,
              "width": 175.00000000000003,
              "zIndex": 0,
            },
            Object {
              "alignItems": "center",
              "borderRadius": 20,
              "justifyContent": "center",
            },
          ]
        }
      >
        <Text
          allowFontScaling={false}
          fontSize="32px"
          lineHeight="32px"
          onPress={[Function]}
          style={
            Array [
              Object {
                "color": "primary.600",
                "fontSize": 12,
              },
              Array [
                Object {
                  "color": "#164e63",
                  "fontSize": 32,
                  "height": 32,
                  "lineHeight": 32,
                  "width": 32,
                },
              ],
              Object {
                "fontFamily": "Ionicons",
                "fontStyle": "normal",
                "fontWeight": "normal",
              },
              Object {},
            ]
          }
        >
          ï„€
        </Text>
      </View>
    </View>
    <View
      style={
        Array [
          Object {},
          Object {
            "backgroundColor": "#F8F8F8",
            "borderRadius": 20,
            "flexDirection": "column",
            "height": 175.00000000000003,
            "margin": 5,
            "padding": 0,
            "width": 175.00000000000003,
            "zIndex": 0,
          },
          Object {
            "alignItems": "center",
            "backgroundColor": "#F8F8F8",
            "justifyContent": "center",
            "width": 385.0000000000001,
          },
          Object {
            "padding": 5,
          },
        ]
      }
    >
      <Text
        color="muted.700"
        fontFamily="body"
        fontSize="md"
        fontStyle="normal"
        fontWeight={400}
        style={
          Array [
            Object {
              "color": "#404040",
              "fontSize": 16,
              "fontStyle": "normal",
              "fontWeight": "400",
            },
            Object {
              "textAlign": "center",
            },
          ]
        }
      >
        FINISH_CARD_TEXT
      </Text>
    </View>
  </View>
</RNCSafeAreaProvider>
`;
