// Jest Snapshot v1, https://goo.gl/fbAQLP

exports[`MemberCard renders correctly 1`] = `
<RNCSafeAreaProvider
  onInsetsChange={[Function]}
  style={
    Array [
      Object {
        "flex": 1,
      },
      undefined,
    ]
  }
>
  <View
    alignItems="center"
    flexDirection="row"
    justifyContent="space-between"
    px={5}
    style={
      Array [
        Object {
          "alignItems": "center",
          "flexDirection": "row",
          "justifyContent": "space-between",
          "paddingLeft": 20,
          "paddingRight": 20,
        },
      ]
    }
  >
    <View
      alignItems="center"
      flexDirection="row"
      style={
        Array [
          Object {
            "alignItems": "center",
            "flexDirection": "row",
          },
        ]
      }
    >
      <Text
        color="muted.700"
        fontFamily="body"
        fontSize="md"
        fontStyle="normal"
        fontWeight="bold"
        style={
          Array [
            Object {
              "color": "#404040",
              "fontSize": 16,
              "fontStyle": "normal",
              "fontWeight": "700",
            },
          ]
        }
      >
        HELLO 
      </Text>
      <View
        style={
          Array [
            Object {},
          ]
        }
      />
      <Text
        color="muted.700"
        fontFamily="body"
        fontSize="md"
        fontStyle="normal"
        fontWeight="bold"
        style={
          Array [
            Object {
              "color": "#404040",
              "fontSize": 16,
              "fontStyle": "normal",
              "fontWeight": "700",
            },
          ]
        }
      >
        NAME_PLACEHOLDER
      </Text>
    </View>
    <View
      style={
        Array [
          Object {},
        ]
      }
    />
    <Text
      color="secondary.400"
      fontFamily="body"
      fontSize="md"
      fontStyle="normal"
      fontWeight="bold"
      style={
        Array [
          Object {
            "color": "#831843",
            "fontSize": 16,
            "fontStyle": "normal",
            "fontWeight": "700",
          },
        ]
      }
    >
      RANK_00
    </Text>
  </View>
</RNCSafeAreaProvider>
`;
