// Jest Snapshot v1, https://goo.gl/fbAQLP

exports[`HomeScreen renders correctly 1`] = `
<RNCSafeAreaProvider
  onInsetsChange={[Function]}
  style={
    Array [
      Object {
        "flex": 1,
      },
      undefined,
    ]
  }
>
  <View
    accessible={true}
    collapsable={false}
    focusable={true}
    onBlur={[Function]}
    onClick={[Function]}
    onFocus={[Function]}
    onHoverIn={[Function]}
    onHoverOut={[Function]}
    onResponderGrant={[Function]}
    onResponderMove={[Function]}
    onResponderRelease={[Function]}
    onResponderTerminate={[Function]}
    onResponderTerminationRequest={[Function]}
    onStartShouldSetResponder={[Function]}
    style={
      Array [
        Object {},
        Object {
          "backgroundColor": "#F8F8F8",
          "borderRadius": 20,
          "flexDirection": "column",
          "height": 175.00000000000003,
          "margin": 5,
          "padding": 0,
          "width": 175.00000000000003,
          "zIndex": 0,
        },
        Object {
          "alignItems": "center",
          "borderRadius": 20,
          "justifyContent": "center",
        },
      ]
    }
  >
    <Text
      allowFontScaling={false}
      fontSize="32px"
      lineHeight="32px"
      style={
        Array [
          Object {
            "color": "primary.600",
            "fontSize": 12,
          },
          Array [
            Object {
              "color": "#0891b2",
              "fontSize": 32,
              "height": 32,
              "lineHeight": 32,
              "width": 32,
            },
          ],
          Object {
            "fontFamily": "Ionicons",
            "fontStyle": "normal",
            "fontWeight": "normal",
          },
          Object {},
        ]
      }
    >
      ï„€
    </Text>
  </View>
  <View
    alignItems="center"
    display="flex"
    justifyContent="center"
    style={
      Array [
        Object {
          "alignItems": "center",
          "display": "flex",
          "justifyContent": "center",
        },
      ]
    }
  />
</RNCSafeAreaProvider>
`;
